// Jest Snapshot v1, https://goo.gl/fbAQLP

exports[`Message renders correctly 1`] = `
<div
  className="message"
  data-testid="message"
>
  <div
    className="message-content"
  >
    <div
      className="author-image-container"
      data-testid="message-image"
    >
      <img
        src=""
      />
    </div>
    <div
      className="message-text"
    >
      <div
        className="message-info"
      >
        <div
          className="message-author-name"
          data-testid="message-author"
        >
          <p>
            Eduardo Franco
          </p>
        </div>
        <div
          className="message-time-stamp"
        >
          <p
            data-testid="message-time"
          >
            11:33PM
          </p>
        </div>
      </div>
      <div
        className="message-content"
        data-testid="message-body"
      >
        <p>
          I am a message!
        </p>
      </div>
      <div
        className="thread-info"
      >
        <p
          className="reply-button"
          onClick={[Function]}
        >
          Reply
        </p>
      </div>
      <form
        onSubmit={[Function]}
        style={
          Object {
            "display": "none",
          }
        }
      >
        <input
          onChange={[Function]}
          value=""
        />
        <input
          type="submit"
        />
      </form>
    </div>
  </div>
</div>
`;
